// Jest Snapshot v1, https://goo.gl/fbAQLP

exports[`test in <MultipleCustomHooks /> should display properly 1`] = `
<div>
  <h1>
    Breaking Bad quote #
    10
     
  </h1>
  <hr />
  <div
    className="alert alert-info text-center"
  >
    Loading...
  </div>
  <button
    className="btn btn-primary"
    onClick={[Function]}
  >
    Next Quote
  </button>
</div>
`;
