// Jest Snapshot v1, https://goo.gl/fbAQLP

exports[`test in <RealExampleRef /> should display properly 1`] = `
<div>
  <h1>
    Real Example ref
  </h1>
  <hr />
  <button
    className="btn btn-primary mt-5"
    onClick={[Function]}
  >
    Show/Hide
  </button>
</div>
`;
