// Jest Snapshot v1, https://goo.gl/fbAQLP

exports[`tests on <HomeScreen /> should display properly 1`] = `
<div>
  <h1>
    HomeScreen
  </h1>
  <hr />
  <pre>
    {
   "name": "mati!!!!",
   "email": "random@random.com"
}
  </pre>
</div>
`;
