// Jest Snapshot v1, https://goo.gl/fbAQLP

exports[`tests in <HooksApp />  should show properly 1`] = `
<div>
  <h1>
    Hola Mundo
  </h1>
</div>
`;
